[2026-08-31 13:38:03] Script triggered
[2026-08-31 13:38:03] Sleeping 4694s before start
[2026-08-31 14:56:18] Making 4 commits
[2026-08-31 14:56:21] Commit 1/4 done
[2026-08-31 14:59:20] Commit 2/4 done
[2026-08-31 15:03:16] Commit 3/4 done
[2026-08-31 15:04:30] Commit 4/4 done
[2026-08-31 15:04:33] Done
[2026-08-31 15:22:00] Script triggered
[2026-08-31 15:22:00] Sleeping 2909s before start
[2026-08-31 16:10:30] Making 1 commits
[2026-08-31 16:10:32] Commit 1/1 done
[2026-08-31 16:10:35] Done
[2026-08-31 17:51:05] Script triggered
[2026-08-31 17:51:05] Skipped (random skip)
[2026-09-01 09:17:05] Script triggered
[2026-09-01 09:17:05] Sleeping 1521s before start
[2026-09-01 09:42:26] Making 1 commits
[2026-09-01 09:42:28] Commit 1/1 done
[2026-09-01 09:42:31] Done
[2026-09-01 11:04:04] Script triggered
[2026-09-01 11:04:04] Sleeping 181s before start
[2026-09-01 11:07:06] Making 2 commits
[2026-09-01 11:07:08] Commit 1/2 done
fatal: unable to access 'https://github.com/CryoThrust/daily-contributions.git/': LibreSSL SSL_connect: SSL_ERROR_SYSCALL in connection to github.com:443 
[2026-09-01 11:11:17] Commit 2/2 done
[2026-09-01 11:11:20] Done
[2026-09-01 13:38:01] Script triggered
[2026-09-01 13:38:01] Sleeping 5223s before start
[2026-09-01 15:05:04] Making 5 commits
fatal: unable to access 'https://github.com/CryoThrust/daily-contributions.git/': LibreSSL SSL_connect: SSL_ERROR_SYSCALL in connection to github.com:443 
[2026-09-01 15:05:41] Commit 1/5 done
[2026-09-01 15:07:41] Commit 2/5 done
[2026-09-01 15:09:34] Commit 3/5 done
fatal: unable to access 'https://github.com/CryoThrust/daily-contributions.git/': LibreSSL SSL_connect: SSL_ERROR_SYSCALL in connection to github.com:443 
[2026-09-01 15:12:24] Commit 4/5 done
[2026-09-01 15:18:34] Commit 5/5 done
[2026-09-01 15:18:37] Done
[2026-09-01 15:22:01] Script triggered
[2026-09-01 15:22:01] Sleeping 4571s before start
[2026-09-01 16:38:12] Making 3 commits
[2026-09-01 16:38:14] Commit 1/3 done
[2026-09-01 16:43:06] Commit 2/3 done
[2026-09-01 16:50:16] Commit 3/3 done
[2026-09-01 16:50:18] Done
[2026-09-01 17:51:00] Script triggered
[2026-09-01 17:51:00] Sleeping 1962s before start
[2026-09-01 20:08:17] Making 4 commits
[2026-09-01 20:08:19] Commit 1/4 done
[2026-09-01 20:11:33] Commit 2/4 done
[2026-09-01 20:13:52] Commit 3/4 done
[2026-09-01 20:17:42] Commit 4/4 done
[2026-09-01 20:17:45] Done
[2026-09-02 09:20:39] Script triggered
[2026-09-02 09:20:39] Sleeping 1733s before start
[2026-09-02 13:45:53] Making 4 commits
[2026-09-02 13:45:56] Commit 1/4 done
[2026-09-02 13:47:42] Commit 2/4 done
[2026-09-02 13:50:06] Commit 3/4 done
[2026-09-02 13:54:29] Commit 4/4 done
[2026-09-02 13:54:32] Done
[2026-09-02 15:22:01] Script triggered
[2026-09-02 15:22:01] Skipped (random skip)
[2026-09-02 17:51:02] Script triggered
[2026-09-02 17:51:02] Skipped (random skip)
[2026-09-03 09:17:00] Script triggered
[2026-09-03 09:17:00] Sleeping 5768s before start
[2026-09-03 10:53:08] Making 4 commits
[2026-09-03 10:53:11] Commit 1/4 done
[2026-09-03 10:58:41] Commit 2/4 done
[2026-09-03 11:00:28] Commit 3/4 done
fatal: unable to access 'https://github.com/CryoThrust/daily-contributions.git/': LibreSSL SSL_connect: SSL_ERROR_SYSCALL in connection to github.com:443 
[2026-09-03 11:05:28] Commit 4/4 done
fatal: unable to access 'https://github.com/CryoThrust/daily-contributions.git/': LibreSSL SSL_connect: SSL_ERROR_SYSCALL in connection to github.com:443 
[2026-09-03 11:05:47] Done
[2026-09-03 13:38:00] Script triggered
[2026-09-03 13:38:00] Skipped (random skip)
[2026-09-03 15:22:02] Script triggered
[2026-09-03 15:22:02] Sleeping 1389s before start
[2026-09-03 15:45:11] Making 1 commits
fatal: unable to access 'https://github.com/CryoThrust/daily-contributions.git/': LibreSSL SSL_connect: SSL_ERROR_SYSCALL in connection to github.com:443 
[2026-09-03 15:45:41] Commit 1/1 done
[2026-09-03 15:45:45] Done
[2026-09-03 17:51:00] Script triggered
[2026-09-03 17:51:00] Skipped (random skip)
[2026-09-04 09:17:00] Script triggered
[2026-09-04 09:17:00] Skipped (random skip)
[2026-09-04 11:04:04] Script triggered
[2026-09-04 11:04:04] Sleeping 2680s before start
[2026-09-04 11:48:44] Making 2 commits
[2026-09-04 11:48:47] Commit 1/2 done
[2026-09-04 11:53:57] Commit 2/2 done
[2026-09-04 11:53:59] Done
[2026-09-04 13:38:04] Script triggered
[2026-09-04 13:38:04] Sleeping 4124s before start
[2026-09-04 14:46:48] Making 3 commits
[2026-09-04 14:46:51] Commit 1/3 done
[2026-09-04 14:49:34] Commit 2/3 done
[2026-09-04 14:55:58] Commit 3/3 done
[2026-09-04 14:56:00] Done
[2026-09-04 15:22:03] Script triggered
[2026-09-04 15:22:03] Skipped (random skip)
[2026-09-04 17:51:04] Script triggered
[2026-09-04 17:51:04] Sleeping 3314s before start
[2026-09-04 18:46:18] Making 3 commits
fatal: unable to access 'https://github.com/CryoThrust/daily-contributions.git/': Error in the HTTP2 framing layer
[2026-09-04 18:47:49] Commit 1/3 done
[2026-09-04 18:54:32] Commit 2/3 done
[2026-09-04 19:00:08] Commit 3/3 done
[2026-09-04 19:00:10] Done
[2026-09-05 16:38:29] Script triggered
[2026-09-05 16:38:29] Skipped (random skip)
[2026-09-05 17:51:04] Script triggered
[2026-09-05 17:51:04] Sleeping 4729s before start
[2026-09-05 19:09:53] Making 5 commits
[2026-09-05 19:09:56] Commit 1/5 done
[2026-09-05 19:15:10] Commit 2/5 done
[2026-09-05 19:17:39] Commit 3/5 done
[2026-09-05 19:21:36] Commit 4/5 done
[2026-09-05 19:24:59] Commit 5/5 done
[2026-09-05 19:25:01] Done
[2026-09-06 09:17:33] Script triggered
[2026-09-06 09:17:33] Sleeping 1558s before start
[2026-09-06 10:46:18] Making 2 commits
[2026-09-06 10:46:21] Commit 1/2 done
[2026-09-06 10:49:21] Commit 2/2 done
[2026-09-06 10:49:24] Done
[2026-09-06 11:04:01] Script triggered
[2026-09-06 11:04:01] Sleeping 4368s before start
[2026-09-06 12:16:49] Making 4 commits
[2026-09-06 12:16:52] Commit 1/4 done
[2026-09-06 12:19:45] Commit 2/4 done
[2026-09-06 12:25:53] Commit 3/4 done
[2026-09-06 12:33:02] Commit 4/4 done
[2026-09-06 12:33:04] Done
[2026-09-06 13:38:00] Script triggered
[2026-09-06 13:38:00] Sleeping 4126s before start
[2026-09-06 14:46:46] Making 2 commits
[2026-09-06 14:46:50] Commit 1/2 done
[2026-09-06 14:54:20] Commit 2/2 done
[2026-09-06 14:54:22] Done
[2026-09-06 15:22:03] Script triggered
[2026-09-06 15:22:03] Sleeping 5252s before start
[2026-09-06 16:49:35] Making 1 commits
[2026-09-06 16:49:38] Commit 1/1 done
[2026-09-06 16:49:40] Done
[2026-09-06 17:51:01] Script triggered
[2026-09-06 17:51:01] Skipped (random skip)
[2026-09-07 09:20:47] Script triggered
[2026-09-07 09:20:47] Sleeping 5558s before start
[2026-09-07 10:53:25] Making 2 commits
[2026-09-07 10:53:30] Commit 1/2 done
[2026-09-07 10:59:58] Commit 2/2 done
[2026-09-07 11:00:01] Done
[2026-09-07 11:04:02] Script triggered
[2026-09-07 11:04:02] Sleeping 3419s before start
[2026-09-07 12:01:01] Making 2 commits
[2026-09-07 12:01:04] Commit 1/2 done
[2026-09-07 12:05:34] Commit 2/2 done
[2026-09-07 12:05:36] Done
[2026-09-07 13:38:04] Script triggered
[2026-09-07 13:38:04] Sleeping 2602s before start
[2026-09-07 14:21:27] Making 3 commits
fatal: unable to access 'https://github.com/CryoThrust/daily-contributions.git/': Error in the HTTP2 framing layer
[2026-09-07 14:22:58] Commit 1/3 done
[2026-09-07 14:27:45] Commit 2/3 done
fatal: unable to access 'https://github.com/CryoThrust/daily-contributions.git/': Failed to connect to github.com port 443 after 75109 ms: Couldn't connect to server
[2026-09-07 14:36:58] Commit 3/3 done
[2026-09-07 14:37:01] Done
[2026-09-07 15:22:02] Script triggered
[2026-09-07 15:22:02] Sleeping 1947s before start
[2026-09-07 15:54:30] Making 1 commits
fatal: unable to access 'https://github.com/CryoThrust/daily-contributions.git/': Failed to connect to github.com port 443 after 75132 ms: Couldn't connect to server
[2026-09-07 15:55:45] Commit 1/1 done
[2026-09-07 15:55:48] Done
[2026-09-07 17:51:04] Script triggered
[2026-09-07 17:51:04] Sleeping 1706s before start
[2026-09-07 22:40:44] Making 5 commits
fatal: unable to access 'https://github.com/CryoThrust/daily-contributions.git/': Recv failure: Operation timed out
[2026-09-07 23:00:51] Commit 1/5 done
[2026-09-08 00:03:07] Commit 2/5 done
[2026-09-08 02:14:48] Commit 3/5 done
[2026-09-08 03:44:51] Commit 4/5 done
[2026-09-08 05:20:08] Commit 5/5 done
[2026-09-08 05:20:10] Done
[2026-09-08 09:17:03] Script triggered
[2026-09-08 09:17:03] Sleeping 674s before start
[2026-09-08 09:28:17] Making 3 commits
[2026-09-08 09:28:20] Commit 1/3 done
fatal: unable to access 'https://github.com/CryoThrust/daily-contributions.git/': Failed to connect to github.com port 443 after 75174 ms: Couldn't connect to server
[2026-09-08 09:36:27] Commit 2/3 done
[2026-09-08 09:41:40] Commit 3/3 done
[2026-09-08 09:41:43] Done
[2026-09-08 11:04:05] Script triggered
[2026-09-08 11:04:05] Skipped (random skip)
[2026-09-08 13:38:00] Script triggered
[2026-09-08 13:38:00] Sleeping 1814s before start
[2026-09-08 14:08:15] Making 5 commits
[2026-09-08 14:08:17] Commit 1/5 done
[2026-09-08 14:10:42] Commit 2/5 done
[2026-09-08 14:18:26] Commit 3/5 done
fatal: unable to access 'https://github.com/CryoThrust/daily-contributions.git/': Recv failure: Operation timed out
[2026-09-08 14:26:11] Commit 4/5 done
[2026-09-08 14:29:16] Commit 5/5 done
[2026-09-08 14:29:18] Done
[2026-09-08 15:22:05] Script triggered
[2026-09-08 15:22:05] Sleeping 252s before start
[2026-09-08 15:26:17] Making 4 commits
[2026-09-08 15:26:20] Commit 1/4 done
fatal: unable to access 'https://github.com/CryoThrust/daily-contributions.git/': Error in the HTTP2 framing layer
[2026-09-08 15:33:45] Commit 2/4 done
[2026-09-08 15:40:16] Commit 3/4 done
[2026-09-08 15:46:32] Commit 4/4 done
[2026-09-08 15:46:35] Done
[2026-09-08 17:51:03] Script triggered
[2026-09-08 17:51:03] Sleeping 6097s before start
[2026-09-08 20:10:32] Making 1 commits
[2026-09-08 20:10:36] Commit 1/1 done
[2026-09-08 20:10:38] Done
[2026-09-09 09:17:00] Script triggered
[2026-09-09 09:17:00] Sleeping 5021s before start
[2026-09-09 10:40:41] Making 3 commits
[2026-09-09 10:40:45] Commit 1/3 done
[2026-09-09 10:43:07] Commit 2/3 done
fatal: unable to access 'https://github.com/CryoThrust/daily-contributions.git/': Recv failure: Operation timed out
[2026-09-09 10:47:54] Commit 3/3 done
fatal: unable to access 'https://github.com/CryoThrust/daily-contributions.git/': Failed to connect to github.com port 443 after 75010 ms: Couldn't connect to server
[2026-09-09 10:49:10] Done
[2026-09-09 11:04:01] Script triggered
[2026-09-09 11:04:01] Sleeping 2763s before start
[2026-09-09 11:50:04] Making 5 commits
fatal: unable to access 'https://github.com/CryoThrust/daily-contributions.git/': Recv failure: Operation timed out
[2026-09-09 11:50:41] Commit 1/5 done
[2026-09-09 11:56:17] Commit 2/5 done
[2026-09-09 12:01:43] Commit 3/5 done
[2026-09-09 12:04:43] Commit 4/5 done
[2026-09-09 12:12:14] Commit 5/5 done
[2026-09-09 12:12:17] Done
[2026-09-09 13:38:01] Script triggered
[2026-09-09 13:38:01] Sleeping 6288s before start
[2026-09-09 15:22:49] Making 5 commits
fatal: unable to access 'https://github.com/CryoThrust/daily-contributions.git/': Failed to connect to github.com port 443 after 75006 ms: Couldn't connect to server
[2026-09-09 15:24:04] Commit 1/5 done
[2026-09-09 15:30:34] Commit 2/5 done
[2026-09-09 15:36:27] Commit 3/5 done
[2026-09-09 15:42:12] Commit 4/5 done
fatal: unable to access 'https://github.com/CryoThrust/daily-contributions.git/': Error in the HTTP2 framing layer
[2026-09-09 15:47:05] Commit 5/5 done
fatal: unable to access 'https://github.com/CryoThrust/daily-contributions.git/': Error in the HTTP2 framing layer
[2026-09-09 15:48:54] Done
[2026-09-09 17:51:00] Script triggered
[2026-09-09 17:51:00] Skipped (random skip)
[2026-09-10 09:17:03] Script triggered
[2026-09-10 09:17:03] Sleeping 3352s before start
[2026-09-10 10:12:55] Making 1 commits
[2026-09-10 10:12:58] Commit 1/1 done
[2026-09-10 10:13:01] Done
[2026-09-10 11:04:02] Script triggered
[2026-09-10 11:04:02] Sleeping 558s before start
[2026-09-10 11:13:20] Making 2 commits
[2026-09-10 11:13:26] Commit 1/2 done
fatal: unable to access 'https://github.com/CryoThrust/daily-contributions.git/': Error in the HTTP2 framing layer
[2026-09-10 11:18:44] Commit 2/2 done
fatal: unable to access 'https://github.com/CryoThrust/daily-contributions.git/': Error in the HTTP2 framing layer
[2026-09-10 11:20:14] Done
[2026-09-10 13:38:00] Script triggered
[2026-09-10 13:38:00] Sleeping 2353s before start
[2026-09-10 14:17:13] Making 5 commits
[2026-09-10 14:17:16] Commit 1/5 done
[2026-09-10 14:23:18] Commit 2/5 done
[2026-09-10 14:27:00] Commit 3/5 done
[2026-09-10 14:28:41] Commit 4/5 done
[2026-09-10 14:35:28] Commit 5/5 done
[2026-09-10 14:35:30] Done
[2026-09-10 15:22:05] Script triggered
[2026-09-10 15:22:05] Sleeping 2791s before start
[2026-09-10 16:08:36] Making 5 commits
[2026-09-10 16:08:39] Commit 1/5 done
[2026-09-10 16:13:36] Commit 2/5 done
fatal: unable to access 'https://github.com/CryoThrust/daily-contributions.git/': Error in the HTTP2 framing layer
[2026-09-10 16:19:50] Commit 3/5 done
fatal: unable to access 'https://github.com/CryoThrust/daily-contributions.git/': Error in the HTTP2 framing layer
[2026-09-10 16:26:24] Commit 4/5 done
[2026-09-10 16:30:09] Commit 5/5 done
[2026-09-10 16:30:12] Done
[2026-09-10 17:51:00] Script triggered
[2026-09-10 17:51:00] Sleeping 6752s before start
[2026-09-10 21:05:05] Making 1 commits
[2026-09-10 21:05:09] Commit 1/1 done
